
> infinite-spirit@0.1.0 test
> vitest


[1m[44m DEV [49m[22m [34mv4.0.16 [39m[90mC:/Users/pacha/Premium-design-web[39m

 [31mΓ¥»[39m src/components/features/__tests__/ContactCapture.test.tsx [2m([22m[2m1 test[22m[2m | [22m[31m1 failed[39m[2m)[22m[32m 51[2mms[22m[39m
[31m     [31m├ù[31m renders the first step of the lead discovery form[39m[32m 49[2mms[22m[39m
node.exe : 
At C:\Program Files\nodejs\npm.ps1:29 char:3
+   & $NODE_EXE $NPM_CLI_JS $args
+   ~~~~~~~~~~~~~~~~~~~~~~~~~~~~~
    + CategoryInfo          : NotSpecified: (:String) [], RemoteException
    + FullyQualifiedErrorId : NativeCommandError
 
[31mΓÄ»ΓÄ»ΓÄ»ΓÄ»ΓÄ»ΓÄ»ΓÄ»[39m[1m[41m Failed Tests 1 [49m[22m[31mΓÄ»ΓÄ»ΓÄ»ΓÄ»ΓÄ»ΓÄ»ΓÄ»[39m

[41m[1m FAIL [22m[49m src/components/features/__tests__/ContactCapture.test.tsx[2m > 
[22mContactCapture Component[2m > [22mrenders the first step of the lead discovery form
[31m[1mError[22m: Element type is invalid: expected a string (for built-in components) or a 
class/function (for composite components) but got: undefined. You likely forgot to export your 
component from the file it's defined in, or you might have mixed up default and named imports.

Check the render method of `Button`.[39m
[90m [2mΓ¥»[22m createFiberFromTypeAndProps 
node_modules/react-dom/cjs/react-dom-client.development.js:[2m5021:28[22m[39m
[90m [2mΓ¥»[22m createFiberFromElement 
node_modules/react-dom/cjs/react-dom-client.development.js:[2m5035:14[22m[39m
[90m [2mΓ¥»[22m reconcileChildFibersImpl 
node_modules/react-dom/cjs/react-dom-client.development.js:[2m6920:31[22m[39m
[90m [2mΓ¥»[22m node_modules/react-dom/cjs/react-dom-client.development.js:[2m7098:33[22m[39m
[90m [2mΓ¥»[22m reconcileChildren 
node_modules/react-dom/cjs/react-dom-client.development.js:[2m9701:13[22m[39m
[90m [2mΓ¥»[22m updateForwardRef 
node_modules/react-dom/cjs/react-dom-client.development.js:[2m9740:7[22m[39m
[90m [2mΓ¥»[22m beginWork 
node_modules/react-dom/cjs/react-dom-client.development.js:[2m12117:18[22m[39m
[90m [2mΓ¥»[22m runWithFiberInDEV 
node_modules/react-dom/cjs/react-dom-client.development.js:[2m874:13[22m[39m
[90m [2mΓ¥»[22m performUnitOfWork 
node_modules/react-dom/cjs/react-dom-client.development.js:[2m17641:22[22m[39m
[90m [2mΓ¥»[22m workLoopSync 
node_modules/react-dom/cjs/react-dom-client.development.js:[2m17469:41[22m[39m

[31m[2mΓÄ»ΓÄ»ΓÄ»ΓÄ»ΓÄ»ΓÄ»ΓÄ»ΓÄ»ΓÄ»ΓÄ»ΓÄ»ΓÄ»ΓÄ»ΓÄ»ΓÄ»ΓÄ»ΓÄ»ΓÄ»ΓÄ»ΓÄ»ΓÄ»ΓÄ»ΓÄ»ΓÄ»[1/1]ΓÄ»[22m[39m


[2m Test Files [22m [1m[31m1 failed[39m[22m[90m (1)[39m
[2m      Tests [22m [1m[31m1 failed[39m[22m[90m (1)[39m
[2m   Start at [22m 14:50:01
[2m   Duration [22m 1.70s[2m (transform 133ms, setup 126ms, import 449ms, tests 51ms, environment 819ms)[22m

[1m[41m FAIL [49m[22m [31mTests failed. Watching for file changes...[39m
       [2mpress [22m[1mh[22m[2m to show help[22m[2m, [22m[2mpress [22m[1mq[22m[2m to quit[22m
c[3J[1m[44m RERUN [49m[22m [34m[2msrc/components/features/__tests__/ContactCapture.test.tsx [22m[34mx1 [34m[39m

 [31mΓ¥»[39m src/components/features/__tests__/ContactCapture.test.tsx [2m([22m[2m1 test[22m[2m | [22m[31m1 failed[39m[2m)[22m[32m 61[2mms[22m[39m
[31m     [31m├ù[31m renders the first step of the lead discovery form[39m[32m 58[2mms[22m[39m

[31mΓÄ»ΓÄ»ΓÄ»ΓÄ»ΓÄ»ΓÄ»ΓÄ»[39m[1m[41m Failed Tests 1 [49m[22m[31mΓÄ»ΓÄ»ΓÄ»ΓÄ»ΓÄ»ΓÄ»ΓÄ»[39m

[41m[1m FAIL [22m[49m src/components/features/__tests__/ContactCapture.test.tsx[2m > 
[22mContactCapture Component[2m > [22mrenders the first step of the lead discovery form
[31m[1mError[22m: Element type is invalid: expected a string (for built-in components) or a 
class/function (for composite components) but got: undefined. You likely forgot to export your 
component from the file it's defined in, or you might have mixed up default and named imports.

Check the render method of `Button`.[39m
[90m [2mΓ¥»[22m createFiberFromTypeAndProps 
node_modules/react-dom/cjs/react-dom-client.development.js:[2m5021:28[22m[39m
[90m [2mΓ¥»[22m createFiberFromElement 
node_modules/react-dom/cjs/react-dom-client.development.js:[2m5035:14[22m[39m
[90m [2mΓ¥»[22m reconcileChildFibersImpl 
node_modules/react-dom/cjs/react-dom-client.development.js:[2m6920:31[22m[39m
[90m [2mΓ¥»[22m node_modules/react-dom/cjs/react-dom-client.development.js:[2m7098:33[22m[39m
[90m [2mΓ¥»[22m reconcileChildren 
node_modules/react-dom/cjs/react-dom-client.development.js:[2m9701:13[22m[39m
[90m [2mΓ¥»[22m updateForwardRef 
node_modules/react-dom/cjs/react-dom-client.development.js:[2m9740:7[22m[39m
[90m [2mΓ¥»[22m beginWork 
node_modules/react-dom/cjs/react-dom-client.development.js:[2m12117:18[22m[39m
[90m [2mΓ¥»[22m runWithFiberInDEV 
node_modules/react-dom/cjs/react-dom-client.development.js:[2m874:13[22m[39m
[90m [2mΓ¥»[22m performUnitOfWork 
node_modules/react-dom/cjs/react-dom-client.development.js:[2m17641:22[22m[39m
[90m [2mΓ¥»[22m workLoopSync 
node_modules/react-dom/cjs/react-dom-client.development.js:[2m17469:41[22m[39m

[31m[2mΓÄ»ΓÄ»ΓÄ»ΓÄ»ΓÄ»ΓÄ»ΓÄ»ΓÄ»ΓÄ»ΓÄ»ΓÄ»ΓÄ»ΓÄ»ΓÄ»ΓÄ»ΓÄ»ΓÄ»ΓÄ»ΓÄ»ΓÄ»ΓÄ»ΓÄ»ΓÄ»ΓÄ»[1/1]ΓÄ»[22m[39m


[2m Test Files [22m [1m[31m1 failed[39m[22m[90m (1)[39m
[2m      Tests [22m [1m[31m1 failed[39m[22m[90m (1)[39m
[2m   Start at [22m 14:50:25
[2m   Duration [22m 614ms

[1m[41m FAIL [49m[22m [31mTests failed. Watching for file changes...[39m
       [2mpress [22m[1mh[22m[2m to show help[22m[2m, [22m[2mpress [22m[1mq[22m[2m to quit[22m
c[3J[1m[44m RERUN [49m[22m [34m[2mpackage.json [22m[34mx2 [34m[39m

 [31mΓ¥»[39m src/components/features/__tests__/ContactCapture.test.tsx [2m([22m[2m1 test[22m[2m | [22m[31m1 failed[39m[2m)[22m[32m 63[2mms[22m[39m
[31m     [31m├ù[31m renders the first step of the lead discovery form[39m[32m 61[2mms[22m[39m

[31mΓÄ»ΓÄ»ΓÄ»ΓÄ»ΓÄ»ΓÄ»ΓÄ»[39m[1m[41m Failed Tests 1 [49m[22m[31mΓÄ»ΓÄ»ΓÄ»ΓÄ»ΓÄ»ΓÄ»ΓÄ»[39m

[41m[1m FAIL [22m[49m src/components/features/__tests__/ContactCapture.test.tsx[2m > 
[22mContactCapture Component[2m > [22mrenders the first step of the lead discovery form
[31m[1mError[22m: Element type is invalid: expected a string (for built-in components) or a 
class/function (for composite components) but got: undefined. You likely forgot to export your 
component from the file it's defined in, or you might have mixed up default and named imports.

Check the render method of `Button`.[39m
[90m [2mΓ¥»[22m createFiberFromTypeAndProps 
node_modules/react-dom/cjs/react-dom-client.development.js:[2m5021:28[22m[39m
[90m [2mΓ¥»[22m createFiberFromElement 
node_modules/react-dom/cjs/react-dom-client.development.js:[2m5035:14[22m[39m
[90m [2mΓ¥»[22m reconcileChildFibersImpl 
node_modules/react-dom/cjs/react-dom-client.development.js:[2m6920:31[22m[39m
[90m [2mΓ¥»[22m node_modules/react-dom/cjs/react-dom-client.development.js:[2m7098:33[22m[39m
[90m [2mΓ¥»[22m reconcileChildren 
node_modules/react-dom/cjs/react-dom-client.development.js:[2m9701:13[22m[39m
[90m [2mΓ¥»[22m updateForwardRef 
node_modules/react-dom/cjs/react-dom-client.development.js:[2m9740:7[22m[39m
[90m [2mΓ¥»[22m beginWork 
node_modules/react-dom/cjs/react-dom-client.development.js:[2m12117:18[22m[39m
[90m [2mΓ¥»[22m runWithFiberInDEV 
node_modules/react-dom/cjs/react-dom-client.development.js:[2m874:13[22m[39m
[90m [2mΓ¥»[22m performUnitOfWork 
node_modules/react-dom/cjs/react-dom-client.development.js:[2m17641:22[22m[39m
[90m [2mΓ¥»[22m workLoopSync 
node_modules/react-dom/cjs/react-dom-client.development.js:[2m17469:41[22m[39m

[31m[2mΓÄ»ΓÄ»ΓÄ»ΓÄ»ΓÄ»ΓÄ»ΓÄ»ΓÄ»ΓÄ»ΓÄ»ΓÄ»ΓÄ»ΓÄ»ΓÄ»ΓÄ»ΓÄ»ΓÄ»ΓÄ»ΓÄ»ΓÄ»ΓÄ»ΓÄ»ΓÄ»ΓÄ»[1/1]ΓÄ»[22m[39m


[2m Test Files [22m [1m[31m1 failed[39m[22m[90m (1)[39m
[2m      Tests [22m [1m[31m1 failed[39m[22m[90m (1)[39m
[2m   Start at [22m 15:15:26
[2m   Duration [22m 745ms

[1m[41m FAIL [49m[22m [31mTests failed. Watching for file changes...[39m
       [2mpress [22m[1mh[22m[2m to show help[22m[2m, [22m[2mpress [22m[1mq[22m[2m to quit[22m
c[3J[1m[44m RERUN [49m[22m [34m[2mpackage.json [22m[34mx3 [34m[39m

 [31mΓ¥»[39m src/components/features/__tests__/ContactCapture.test.tsx [2m([22m[2m1 test[22m[2m | [22m[31m1 failed[39m[2m)[22m[32m 67[2mms[22m[39m
[31m     [31m├ù[31m renders the first step of the lead discovery form[39m[32m 65[2mms[22m[39m

[31mΓÄ»ΓÄ»ΓÄ»ΓÄ»ΓÄ»ΓÄ»ΓÄ»[39m[1m[41m Failed Tests 1 [49m[22m[31mΓÄ»ΓÄ»ΓÄ»ΓÄ»ΓÄ»ΓÄ»ΓÄ»[39m

[41m[1m FAIL [22m[49m src/components/features/__tests__/ContactCapture.test.tsx[2m > 
[22mContactCapture Component[2m > [22mrenders the first step of the lead discovery form
[31m[1mError[22m: Element type is invalid: expected a string (for built-in components) or a 
class/function (for composite components) but got: undefined. You likely forgot to export your 
component from the file it's defined in, or you might have mixed up default and named imports.

Check the render method of `Button`.[39m
[90m [2mΓ¥»[22m createFiberFromTypeAndProps 
node_modules/react-dom/cjs/react-dom-client.development.js:[2m5021:28[22m[39m
[90m [2mΓ¥»[22m createFiberFromElement 
node_modules/react-dom/cjs/react-dom-client.development.js:[2m5035:14[22m[39m
[90m [2mΓ¥»[22m reconcileChildFibersImpl 
node_modules/react-dom/cjs/react-dom-client.development.js:[2m6920:31[22m[39m
[90m [2mΓ¥»[22m node_modules/react-dom/cjs/react-dom-client.development.js:[2m7098:33[22m[39m
[90m [2mΓ¥»[22m reconcileChildren 
node_modules/react-dom/cjs/react-dom-client.development.js:[2m9701:13[22m[39m
[90m [2mΓ¥»[22m updateForwardRef 
node_modules/react-dom/cjs/react-dom-client.development.js:[2m9740:7[22m[39m
[90m [2mΓ¥»[22m beginWork 
node_modules/react-dom/cjs/react-dom-client.development.js:[2m12117:18[22m[39m
[90m [2mΓ¥»[22m runWithFiberInDEV 
node_modules/react-dom/cjs/react-dom-client.development.js:[2m874:13[22m[39m
[90m [2mΓ¥»[22m performUnitOfWork 
node_modules/react-dom/cjs/react-dom-client.development.js:[2m17641:22[22m[39m
[90m [2mΓ¥»[22m workLoopSync 
node_modules/react-dom/cjs/react-dom-client.development.js:[2m17469:41[22m[39m

[31m[2mΓÄ»ΓÄ»ΓÄ»ΓÄ»ΓÄ»ΓÄ»ΓÄ»ΓÄ»ΓÄ»ΓÄ»ΓÄ»ΓÄ»ΓÄ»ΓÄ»ΓÄ»ΓÄ»ΓÄ»ΓÄ»ΓÄ»ΓÄ»ΓÄ»ΓÄ»ΓÄ»ΓÄ»[1/1]ΓÄ»[22m[39m


[2m Test Files [22m [1m[31m1 failed[39m[22m[90m (1)[39m
[2m      Tests [22m [1m[31m1 failed[39m[22m[90m (1)[39m
[2m   Start at [22m 15:24:48
[2m   Duration [22m 608ms

[1m[41m FAIL [49m[22m [31mTests failed. Watching for file changes...[39m
       [2mpress [22m[1mh[22m[2m to show help[22m[2m, [22m[2mpress [22m[1mq[22m[2m to quit[22m
[31mCancelling test run. Press CTRL+c again to exit forcefully.
[39m
